--- Vector Expression Context Test ---
v0: [0.8356880001493957, 0.8419911673663196, 0.2011854116866355]
v2: [0.05126568630562656, 0.0034309319936129956, 0.9827789794864875]

Expression: vector(1, 2, 3)
Result: [1, 2, 3]

Expression: vector([1, 2, 3])
Result: [1, 2, 3]

Expression: vector("1 2 3")
Result: [1, 2, 3]

Expression: vector("1+2i, 3-4i, 5")
Result: [1 + 2i, 3 - 4i, 5]

Error evaluating "linspaceVector(5, 0, 10)":
Type: ArgumentError
Message: Invalid argument(s): Error in direct call: type 'Complex' is not a subtype of type 'num'
Stack trace:
#0      VarArgsFunction.call (package:advance_math/src/utils/args.dart:98:7)
#1      CallExpression.evaluate (package:advance_math/src/math/algebra/expression/components/structured/call_expression.dart:16:22)
#2      main (file:///C:/Users/reing/Documents/GitHub/advance_math/example/vector_expressions_test.dart:55:27)
#3      _delayEntrypointInvocation.<anonymous closure> (dart:isolate-patch/isolate_patch.dart:314:19)
#4      _RawReceivePort._handleMessage (dart:isolate-patch/isolate_patch.dart:193:12)


Expression: rangeVector(10, 0, 2)
Result: [0, 2, 4, 6, 8]

Expression: randomVector(3)
Result: [0.6013586768474382, 0.021414332673836523, 0.6619899083182209]

Expression: randomVector(3, 0, 100)
Result: [35.13567861052117, 48.47774182043866, 96.79719218572916]

Expression: zerosVector(3)
Result: [0, 0, 0]

Expression: onesVector(3)
Result: [1, 1, 1]

Expression: dot(v0, v2)
Result: 0.2434517268844525

Expression: cross(v0, v2)
Result: [0.826800966735304, -0.8109826917511314, -0.04029806636191903]

Expression: innerProduct(v0, v2)
Result: 0.2434517268844525

Expression: outerProduct(v0, v2)
Result: Matrix: 3x3
Ôöî 0.04284211886503532 0.0028671886963910235 0.8212965999559267 ÔöÉ
Ôöé 0.04316525505831005 0.0028888144344566603 0.8274912202009079 Ôöé
Ôöö 0.01031390820479539 0.0006902534656038796 0.1977207935849605 Ôöÿ

Expression: mag(v0)
Result: 1.203245249062765

Expression: magnitude(v0)
Result: 1.203245249062765

Expression: angle(v0, v2)
Result: 1.3637258386749898 + 0i

Expression: projection(v0, v2)
Result: [0.012886722970234249, 0.0008624378861880489, 0.24704244422105578]

Expression: isParallelTo(v0, v2)
Result: false

Expression: isPerpendicularTo(v0, v2)
Result: false

Expression: unit(v0)
Result: [0.6945284020862181, 0.6997668746435239, 0.16720233206268081]

Expression: normalize(v0)
Result: [0.6945284020862181, 0.6997668746435239, 0.16720233206268081]

Expression: distance(v0, v2)
Result: 1.389024888196912

Error evaluating "toSpherical(v0)":
Type: ArgumentError
Message: Invalid argument(s): Error in direct call: type 'Complex' is not a subtype of type 'num'
Stack trace:
#0      VarArgsFunction.call (package:advance_math/src/utils/args.dart:98:7)
#1      CallExpression.evaluate (package:advance_math/src/math/algebra/expression/components/structured/call_expression.dart:16:22)
#2      main (file:///C:/Users/reing/Documents/GitHub/advance_math/example/vector_expressions_test.dart:55:27)
#3      _delayEntrypointInvocation.<anonymous closure> (dart:isolate-patch/isolate_patch.dart:314:19)
#4      _RawReceivePort._handleMessage (dart:isolate-patch/isolate_patch.dart:193:12)


Error evaluating "toCylindrical(v0)":
Type: ArgumentError
Message: Invalid argument(s): Error in direct call: type 'Complex' is not a subtype of type 'num'
Stack trace:
#0      VarArgsFunction.call (package:advance_math/src/utils/args.dart:98:7)
#1      CallExpression.evaluate (package:advance_math/src/math/algebra/expression/components/structured/call_expression.dart:16:22)
#2      main (file:///C:/Users/reing/Documents/GitHub/advance_math/example/vector_expressions_test.dart:55:27)
#3      _delayEntrypointInvocation.<anonymous closure> (dart:isolate-patch/isolate_patch.dart:314:19)
#4      _RawReceivePort._handleMessage (dart:isolate-patch/isolate_patch.dart:193:12)


Error evaluating "toPolar(vector(3, 4))":
Type: ArgumentError
Message: Invalid argument(s): Error in direct call: type 'Complex' is not a subtype of type 'num'
Stack trace:
#0      VarArgsFunction.call (package:advance_math/src/utils/args.dart:98:7)
#1      CallExpression.evaluate (package:advance_math/src/math/algebra/expression/components/structured/call_expression.dart:16:22)
#2      main (file:///C:/Users/reing/Documents/GitHub/advance_math/example/vector_expressions_test.dart:55:27)
#3      _delayEntrypointInvocation.<anonymous closure> (dart:isolate-patch/isolate_patch.dart:314:19)
#4      _RawReceivePort._handleMessage (dart:isolate-patch/isolate_patch.dart:193:12)


